This file contains any messages produced by compilers while
running configure, to aid debugging if configure makes a mistake.

It was created by gc configure 8.2.12, which was
generated by GNU Autoconf 2.71.  Invocation command line was

  $ ./configure --prefix=c:/w64devkit/x86_64-w64-mingw32 --enable-threads=win32 --enable-cplusplus

## --------- ##
## Platform. ##
## --------- ##

hostname = DESKTOP-5B7Q8T5
uname -m = x86_64
uname -r = 10.0
uname -s = Windows_NT
uname -v = 22631

/usr/bin/uname -p = unknown
/bin/uname -X     = unknown

/bin/arch              = x86_64
/usr/bin/arch -k       = x86_64
/usr/convex/getsysinfo = unknown
/usr/bin/hostinfo      = unknown
/bin/machine           = unknown
/usr/bin/oslevel       = unknown
/bin/universe          = unknown

PATH: C:/w64devkit/bin/
PATH: C:/WINDOWS/system32/
PATH: C:/WINDOWS/
PATH: C:/WINDOWS/System32/Wbem/
PATH: C:/WINDOWS/System32/WindowsPowerShell/v1.0/
PATH: C:/WINDOWS/System32/OpenSSH/
PATH: c:/Program Files (x86)/Symantec/VIP Access Client/
PATH: C:/Program Files/Intel/WiFi/bin/
PATH: C:/Program Files/Common Files/Intel/WirelessCommon/
PATH: C:/Program Files/dotnet/
PATH: C:/Program Files/Git/cmd/
PATH: C:/Program Files/Gauche/bin/
PATH: C:/Program Files/PowerShell/7/
PATH: C:/Program Files/Steel Bank Common Lisp/
PATH: C:/w64devkit/bin/
PATH: C:/Program Files/Emacs/emacs-30.2/bin/
PATH: C:/Users/user/AppData/Local/Programs/Python/Python312/Scripts/
PATH: C:/Users/user/AppData/Local/Programs/Python/Python312/
PATH: C:/Users/user/AppData/Local/Microsoft/WindowsApps/
PATH: C:/Users/user/AppData/Local/Programs/Microsoft VS Code/bin/
PATH: C:/Users/user/.dotnet/tools/


## ----------- ##
## Core tests. ##
## ----------- ##

configure:2919: looking for aux files: ltmain.sh compile missing install-sh config.guess config.sub
configure:2932:  trying ./
configure:2961:   ./ltmain.sh found
configure:2961:   ./compile found
configure:2961:   ./missing found
configure:2943:   ./install-sh found
configure:2961:   ./config.guess found
configure:2961:   ./config.sub found
configure:3082: checking build system type
configure:3097: result: x86_64-w64-mingw32
configure:3117: checking host system type
configure:3131: result: x86_64-w64-mingw32
configure:3151: checking target system type
configure:3165: result: x86_64-w64-mingw32
configure:3193: checking GC version numbers
configure:3217: result: major=8 minor=2                 micro=12
configure:3239: checking for a BSD-compatible install
configure:3312: result: C:/w64devkit/bin/install.exe -c
configure:3323: checking whether build environment is sane
configure:3378: result: yes
configure:3537: checking for a race-free mkdir -p
configure:3581: result: ./install-sh -c -d
configure:3588: checking for gawk
configure:3623: result: no
configure:3588: checking for mawk
configure:3623: result: no
configure:3588: checking for nawk
configure:3623: result: no
configure:3588: checking for awk
configure:3609: found C:/w64devkit/bin/awk.exe
configure:3620: result: awk
configure:3631: checking whether make sets $(MAKE)
configure:3654: result: yes
configure:3684: checking whether make supports nested variables
configure:3702: result: yes
configure:3841: checking whether to enable maintainer-specific portions of Makefiles
configure:3851: result: no
configure:3880: checking whether make supports the include directive
configure:3895: make -f confmf.GNU && cat confinc.out
this is the am__doit target
configure:3898: $? = 0
configure:3917: result: yes (GNU style)
configure:3993: checking for gcc
configure:4014: found C:/w64devkit/bin/gcc.exe
configure:4025: result: gcc
configure:4378: checking for C compiler version
configure:4387: gcc --version >&5
gcc (GCC) 15.2.0
Copyright (C) 2025 Free Software Foundation, Inc.
This is free software; see the source for copying conditions.  There is NO
warranty; not even for MERCHANTABILITY or FITNESS FOR A PARTICULAR PURPOSE.

configure:4398: $? = 0
configure:4387: gcc -v >&5
Using built-in specs.
COLLECT_GCC=gcc
COLLECT_LTO_WRAPPER=C:/w64devkit/bin/../libexec/gcc/x86_64-w64-mingw32/15.2.0/lto-wrapper.exe
Target: x86_64-w64-mingw32
Configured with: /dl/gcc/configure --prefix=/w64devkit --with-sysroot=/w64devkit --with-native-system-header-dir=/include --target=x86_64-w64-mingw32 --host=x86_64-w64-mingw32 --enable-static --disable-shared --with-pic --with-gmp=/deps --with-mpc=/deps --with-mpfr=/deps --enable-languages=c,c++,fortran --enable-libgomp --enable-threads=posix --enable-version-specific-runtime-libs --disable-libstdcxx-verbose --disable-dependency-tracking --disable-lto --disable-multilib --disable-nls --disable-win32-registry --enable-mingw-wildcard CFLAGS_FOR_TARGET=-O2 CXXFLAGS_FOR_TARGET=-O2 LDFLAGS_FOR_TARGET=-s CFLAGS=-O2 CXXFLAGS=-O2 LDFLAGS=-s
Thread model: posix
Supported LTO compression algorithms: zlib
gcc version 15.2.0 (GCC) 
configure:4398: $? = 0
configure:4387: gcc -V >&5
gcc: error: unrecognized command-line option '-V'
gcc: fatal error: no input files
compilation terminated.
configure:4398: $? = 1
configure:4387: gcc -qversion >&5
gcc: error: unrecognized command-line option '-qversion'; did you mean '--version'?
gcc: fatal error: no input files
compilation terminated.
configure:4398: $? = 1
configure:4387: gcc -version >&5
gcc: error: unrecognized command-line option '-version'
gcc: fatal error: no input files
compilation terminated.
configure:4398: $? = 1
configure:4418: checking whether the C compiler works
configure:4440: gcc    conftest.c  >&5
configure:4444: $? = 0
configure:4494: result: yes
configure:4497: checking for C compiler default output file name
configure:4499: result: a.exe
configure:4505: checking for suffix of executables
configure:4512: gcc -o conftest.exe    conftest.c  >&5
configure:4516: $? = 0
configure:4539: result: .exe
configure:4561: checking whether we are cross compiling
configure:4569: gcc -o conftest.exe    conftest.c  >&5
configure:4573: $? = 0
configure:4580: ./conftest.exe
configure:4584: $? = 0
configure:4599: result: no
configure:4604: checking for suffix of object files
configure:4627: gcc -c   conftest.c >&5
configure:4631: $? = 0
configure:4653: result: o
configure:4657: checking whether the compiler supports GNU C
configure:4677: gcc -c   conftest.c >&5
configure:4677: $? = 0
configure:4687: result: yes
configure:4698: checking whether gcc accepts -g
configure:4719: gcc -c -g  conftest.c >&5
configure:4719: $? = 0
configure:4763: result: yes
configure:4783: checking for gcc option to enable C11 features
configure:4798: gcc  -c -g -O2  conftest.c >&5
conftest.c: In function 'e':
conftest.c:28:14: warning: old-style function definition [-Wold-style-definition]
   28 | static char *e (p, i)
      |              ^
configure:4798: $? = 0
configure:4816: result: none needed
configure:4932: checking whether gcc understands -c and -o together
configure:4955: gcc -c conftest.c -o conftest2.o
configure:4958: $? = 0
configure:4955: gcc -c conftest.c -o conftest2.o
configure:4958: $? = 0
configure:4970: result: yes
configure:4989: checking dependency style of gcc
configure:5101: result: gcc3
configure:5186: checking for g++
configure:5207: found C:/w64devkit/bin/g++.exe
configure:5218: result: g++
configure:5245: checking for C++ compiler version
configure:5254: g++ --version >&5
g++ (GCC) 15.2.0
Copyright (C) 2025 Free Software Foundation, Inc.
This is free software; see the source for copying conditions.  There is NO
warranty; not even for MERCHANTABILITY or FITNESS FOR A PARTICULAR PURPOSE.

configure:5265: $? = 0
configure:5254: g++ -v >&5
Using built-in specs.
COLLECT_GCC=g++
COLLECT_LTO_WRAPPER=C:/w64devkit/bin/../libexec/gcc/x86_64-w64-mingw32/15.2.0/lto-wrapper.exe
Target: x86_64-w64-mingw32
Configured with: /dl/gcc/configure --prefix=/w64devkit --with-sysroot=/w64devkit --with-native-system-header-dir=/include --target=x86_64-w64-mingw32 --host=x86_64-w64-mingw32 --enable-static --disable-shared --with-pic --with-gmp=/deps --with-mpc=/deps --with-mpfr=/deps --enable-languages=c,c++,fortran --enable-libgomp --enable-threads=posix --enable-version-specific-runtime-libs --disable-libstdcxx-verbose --disable-dependency-tracking --disable-lto --disable-multilib --disable-nls --disable-win32-registry --enable-mingw-wildcard CFLAGS_FOR_TARGET=-O2 CXXFLAGS_FOR_TARGET=-O2 LDFLAGS_FOR_TARGET=-s CFLAGS=-O2 CXXFLAGS=-O2 LDFLAGS=-s
Thread model: posix
Supported LTO compression algorithms: zlib
gcc version 15.2.0 (GCC) 
configure:5265: $? = 0
configure:5254: g++ -V >&5
g++: error: unrecognized command-line option '-V'
g++: fatal error: no input files
compilation terminated.
configure:5265: $? = 1
configure:5254: g++ -qversion >&5
g++: error: unrecognized command-line option '-qversion'; did you mean '--version'?
g++: fatal error: no input files
compilation terminated.
configure:5265: $? = 1
configure:5269: checking whether the compiler supports GNU C++
configure:5289: g++ -c   conftest.cpp >&5
configure:5289: $? = 0
configure:5299: result: yes
configure:5310: checking whether g++ accepts -g
configure:5331: g++ -c -g  conftest.cpp >&5
configure:5331: $? = 0
configure:5375: result: yes
configure:5395: checking for g++ option to enable C++11 features
configure:5410: g++  -c -g -O2  conftest.cpp >&5
conftest.cpp: In function 'int main(int, char**)':
conftest.cpp:180:25: warning: empty parentheses were disambiguated as a function declaration [-Wvexing-parse]
  180 |   cxx11test::delegate d2();
      |                         ^~
conftest.cpp:180:25: note: remove parentheses to default-initialize a variable
  180 |   cxx11test::delegate d2();
      |                         ^~
      |                         --
conftest.cpp:180:25: note: or replace parentheses with braces to value-initialize a variable
configure:5410: $? = 0
configure:5428: result: none needed
configure:5494: checking dependency style of g++
configure:5606: result: gcc3
configure:5630: checking dependency style of gcc
configure:5740: result: gcc3
configure:5803: checking how to print strings
configure:5830: result: printf
configure:5851: checking for a sed that does not truncate output
configure:5921: result: C:/w64devkit/bin/sed.exe
configure:5939: checking for grep that handles long lines and -e
configure:6003: result: C:/w64devkit/bin/grep.exe
configure:6008: checking for egrep
configure:6076: result: C:/w64devkit/bin/grep.exe -E
configure:6081: checking for fgrep
configure:6149: result: C:/w64devkit/bin/grep.exe -F
configure:6185: checking for ld used by gcc
configure:6253: result: C:/w64devkit/bin/ld
configure:6260: checking if the linker (C:/w64devkit/bin/ld) is GNU ld
configure:6276: result: yes
configure:6288: checking for BSD- or MS-compatible name lister (nm)
configure:6343: result: C:/w64devkit/bin/nm -B
configure:6483: checking the name lister (C:/w64devkit/bin/nm -B) interface
configure:6491: gcc -c -g -O2  conftest.c >&5
configure:6494: C:/w64devkit/bin/nm -B "conftest.o"
configure:6497: output
0000000000000000 b .bss
0000000000000000 d .data
0000000000000000 N .debug_abbrev
0000000000000000 N .debug_aranges
0000000000000000 N .debug_info
0000000000000000 N .debug_line
0000000000000000 N .debug_line_str
0000000000000000 r .rdata$zzz
0000000000000000 t .text
0000000000000000 B some_variable
configure:6504: result: BSD nm
configure:6507: checking whether ln -s works
configure:6514: result: no, using ln
configure:6519: checking the maximum length of command line arguments
configure:6651: result: 8192
configure:6699: checking how to convert x86_64-w64-mingw32 file names to x86_64-w64-mingw32 format
configure:6740: result: func_convert_file_msys_to_w32
configure:6747: checking how to convert x86_64-w64-mingw32 file names to toolchain format
configure:6768: result: func_convert_file_msys_to_w32
configure:6775: checking for C:/w64devkit/bin/ld option to reload object files
configure:6783: result: -r
configure:6862: checking for file
configure:6897: result: no
configure:6970: checking for objdump
configure:6991: found C:/w64devkit/bin/objdump.exe
configure:7002: result: objdump
configure:7034: checking how to recognize dependent libraries
configure:7235: result: file_magic file format (pei*-i386(.*architecture: i386)?|pe-arm-wince|pe-x86-64)
configure:7325: checking for dlltool
configure:7346: found C:/w64devkit/bin/dlltool.exe
configure:7357: result: dlltool
configure:7390: checking how to associate runtime and link libraries
configure:7418: result: func_cygming_dll_for_implib
configure:7484: checking for ar
configure:7505: found C:/w64devkit/bin/ar.exe
configure:7516: result: ar
configure:7569: checking for archiver @FILE support
configure:7587: gcc -c -g -O2  conftest.c >&5
configure:7587: $? = 0
configure:7591: ar cr libconftest.a @conftest.lst >&5
configure:7594: $? = 0
configure:7599: ar cr libconftest.a @conftest.lst >&5
ar: conftest.o: No such file or directory
configure:7602: $? = 1
configure:7614: result: @
configure:7677: checking for strip
configure:7698: found C:/w64devkit/bin/strip.exe
configure:7709: result: strip
configure:7786: checking for ranlib
configure:7807: found C:/w64devkit/bin/ranlib.exe
configure:7818: result: ranlib
configure:7920: checking command to parse C:/w64devkit/bin/nm -B output from gcc object
configure:8074: gcc -c -g -O2  conftest.c >&5
configure:8077: $? = 0
configure:8081: C:/w64devkit/bin/nm -B conftest.o \| C:/w64devkit/bin/sed.exe -n -e 's/^.*[ ]\([ABCDGIRSTW][ABCDGIRSTW]*\)[ ][ ]*\([_A-Za-z][_A-Za-z0-9]*\)\{0,1\}$/\1 \2 \2/p' | C:/w64devkit/bin/sed.exe '/ __gnu_lto/d' \> conftest.nm
configure:8084: $? = 0
configure:8150: gcc -o conftest.exe -g -O2   conftest.c conftstm.o >&5
configure:8153: $? = 0
configure:8191: result: ok
configure:8238: checking for sysroot
configure:8269: result: no
configure:8276: checking for a working dd
configure:8320: result: C:/w64devkit/bin/dd.exe
configure:8324: checking how to truncate binary pipes
configure:8340: result: C:/w64devkit/bin/dd.exe bs=4096 count=1
configure:8677: checking for mt
configure:8712: result: no
configure:8732: checking if : is a manifest tool
configure:8739: : '-?'
configure:8747: result: no
configure:9472: checking for stdio.h
configure:9472: gcc -c -g -O2  conftest.c >&5
configure:9472: $? = 0
configure:9472: result: yes
configure:9472: checking for stdlib.h
configure:9472: gcc -c -g -O2  conftest.c >&5
configure:9472: $? = 0
configure:9472: result: yes
configure:9472: checking for string.h
configure:9472: gcc -c -g -O2  conftest.c >&5
configure:9472: $? = 0
configure:9472: result: yes
configure:9472: checking for inttypes.h
configure:9472: gcc -c -g -O2  conftest.c >&5
configure:9472: $? = 0
configure:9472: result: yes
configure:9472: checking for stdint.h
configure:9472: gcc -c -g -O2  conftest.c >&5
configure:9472: $? = 0
configure:9472: result: yes
configure:9472: checking for strings.h
configure:9472: gcc -c -g -O2  conftest.c >&5
configure:9472: $? = 0
configure:9472: result: yes
configure:9472: checking for sys/stat.h
configure:9472: gcc -c -g -O2  conftest.c >&5
configure:9472: $? = 0
configure:9472: result: yes
configure:9472: checking for sys/types.h
configure:9472: gcc -c -g -O2  conftest.c >&5
configure:9472: $? = 0
configure:9472: result: yes
configure:9472: checking for unistd.h
configure:9472: gcc -c -g -O2  conftest.c >&5
configure:9472: $? = 0
configure:9472: result: yes
configure:9497: checking for dlfcn.h
configure:9497: gcc -c -g -O2  conftest.c >&5
conftest.c:53:10: fatal error: dlfcn.h: No such file or directory
   53 | #include <dlfcn.h>
      |          ^~~~~~~~~
compilation terminated.
configure:9497: $? = 1
configure: failed program was:
| /* confdefs.h */
| #define PACKAGE_NAME "gc"
| #define PACKAGE_TARNAME "gc"
| #define PACKAGE_VERSION "8.2.12"
| #define PACKAGE_STRING "gc 8.2.12"
| #define PACKAGE_BUGREPORT "https://github.com/bdwgc/bdwgc/issues"
| #define PACKAGE_URL ""
| #define GC_VERSION_MAJOR 8
| #define GC_VERSION_MINOR 2
| #define GC_VERSION_MICRO 12
| #define PACKAGE "gc"
| #define VERSION "8.2.12"
| #define HAVE_STDIO_H 1
| #define HAVE_STDLIB_H 1
| #define HAVE_STRING_H 1
| #define HAVE_INTTYPES_H 1
| #define HAVE_STDINT_H 1
| #define HAVE_STRINGS_H 1
| #define HAVE_SYS_STAT_H 1
| #define HAVE_SYS_TYPES_H 1
| #define HAVE_UNISTD_H 1
| #define STDC_HEADERS 1
| /* end confdefs.h.  */
| #include <stddef.h>
| #ifdef HAVE_STDIO_H
| # include <stdio.h>
| #endif
| #ifdef HAVE_STDLIB_H
| # include <stdlib.h>
| #endif
| #ifdef HAVE_STRING_H
| # include <string.h>
| #endif
| #ifdef HAVE_INTTYPES_H
| # include <inttypes.h>
| #endif
| #ifdef HAVE_STDINT_H
| # include <stdint.h>
| #endif
| #ifdef HAVE_STRINGS_H
| # include <strings.h>
| #endif
| #ifdef HAVE_SYS_TYPES_H
| # include <sys/types.h>
| #endif
| #ifdef HAVE_SYS_STAT_H
| # include <sys/stat.h>
| #endif
| #ifdef HAVE_UNISTD_H
| # include <unistd.h>
| #endif
| 
| #include <dlfcn.h>
configure:9497: result: no
configure:9766: checking for objdir
configure:9782: result: .libs
configure:10046: checking if gcc supports -fno-rtti -fno-exceptions
configure:10065: gcc -c -g -O2  -fno-rtti -fno-exceptions conftest.c >&5
cc1.exe: warning: command-line option '-fno-rtti' is valid for C++/D/ObjC++ but not for C
configure:10069: $? = 0
configure:10082: result: no
configure:10440: checking for gcc option to produce PIC
configure:10448: result: -DDLL_EXPORT -DPIC
configure:10456: checking if gcc PIC flag -DDLL_EXPORT -DPIC works
configure:10475: gcc -c -g -O2  -DDLL_EXPORT -DPIC -DPIC conftest.c >&5
configure:10479: $? = 0
configure:10492: result: yes
configure:10521: checking if gcc static flag -static works
configure:10550: result: yes
configure:10565: checking if gcc supports -c -o file.o
configure:10587: gcc -c -g -O2  -o out/conftest2.o conftest.c >&5
configure:10591: $? = 0
configure:10613: result: yes
configure:10621: checking if gcc supports -c -o file.o
configure:10669: result: yes
configure:10702: checking whether the gcc linker (C:/w64devkit/bin/ld) supports shared libraries
configure:11970: result: yes
configure:12007: checking whether -lc should be explicitly linked in
configure:12016: gcc -c -g -O2  conftest.c >&5
configure:12019: $? = 0
configure:12034: gcc -shared conftest.o  -v -o ./conftest -Wl,--enable-auto-image-base -Xlinker --out-implib -Xlinker conftest 2\>\&1 \| C:/w64devkit/bin/grep.exe  -lc  \>/dev/null 2\>\&1
configure:12037: $? = 1
configure:12051: result: yes
configure:12211: checking dynamic linker characteristics
configure:13032: result: Win32 ld.exe
configure:13154: checking how to hardcode library paths into programs
configure:13179: result: immediate
configure:13731: checking whether stripping libraries is possible
configure:13740: result: yes
configure:13782: checking if libtool supports shared libraries
configure:13784: result: yes
configure:13787: checking whether to build shared libraries
configure:13812: result: yes
configure:13815: checking whether to build static libraries
configure:13819: result: no
configure:13842: checking how to run the C++ preprocessor
configure:13864: g++ -E  conftest.cpp
configure:13864: $? = 0
configure:13879: g++ -E  conftest.cpp
conftest.cpp:25:10: fatal error: ac_nonexistent.h: No such file or directory
   25 | #include <ac_nonexistent.h>
      |          ^~~~~~~~~~~~~~~~~~
compilation terminated.
configure:13879: $? = 1
configure: failed program was:
| /* confdefs.h */
| #define PACKAGE_NAME "gc"
| #define PACKAGE_TARNAME "gc"
| #define PACKAGE_VERSION "8.2.12"
| #define PACKAGE_STRING "gc 8.2.12"
| #define PACKAGE_BUGREPORT "https://github.com/bdwgc/bdwgc/issues"
| #define PACKAGE_URL ""
| #define GC_VERSION_MAJOR 8
| #define GC_VERSION_MINOR 2
| #define GC_VERSION_MICRO 12
| #define PACKAGE "gc"
| #define VERSION "8.2.12"
| #define HAVE_STDIO_H 1
| #define HAVE_STDLIB_H 1
| #define HAVE_STRING_H 1
| #define HAVE_INTTYPES_H 1
| #define HAVE_STDINT_H 1
| #define HAVE_STRINGS_H 1
| #define HAVE_SYS_STAT_H 1
| #define HAVE_SYS_TYPES_H 1
| #define HAVE_UNISTD_H 1
| #define STDC_HEADERS 1
| #define LT_OBJDIR ".libs/"
| /* end confdefs.h.  */
| #include <ac_nonexistent.h>
configure:13906: result: g++ -E
configure:13920: g++ -E  conftest.cpp
configure:13920: $? = 0
configure:13935: g++ -E  conftest.cpp
conftest.cpp:25:10: fatal error: ac_nonexistent.h: No such file or directory
   25 | #include <ac_nonexistent.h>
      |          ^~~~~~~~~~~~~~~~~~
compilation terminated.
configure:13935: $? = 1
configure: failed program was:
| /* confdefs.h */
| #define PACKAGE_NAME "gc"
| #define PACKAGE_TARNAME "gc"
| #define PACKAGE_VERSION "8.2.12"
| #define PACKAGE_STRING "gc 8.2.12"
| #define PACKAGE_BUGREPORT "https://github.com/bdwgc/bdwgc/issues"
| #define PACKAGE_URL ""
| #define GC_VERSION_MAJOR 8
| #define GC_VERSION_MINOR 2
| #define GC_VERSION_MICRO 12
| #define PACKAGE "gc"
| #define VERSION "8.2.12"
| #define HAVE_STDIO_H 1
| #define HAVE_STDLIB_H 1
| #define HAVE_STRING_H 1
| #define HAVE_INTTYPES_H 1
| #define HAVE_STDINT_H 1
| #define HAVE_STRINGS_H 1
| #define HAVE_SYS_STAT_H 1
| #define HAVE_SYS_TYPES_H 1
| #define HAVE_UNISTD_H 1
| #define STDC_HEADERS 1
| #define LT_OBJDIR ".libs/"
| /* end confdefs.h.  */
| #include <ac_nonexistent.h>
configure:14100: checking for ld used by g++
configure:14168: result: C:/w64devkit/bin/ld
configure:14175: checking if the linker (C:/w64devkit/bin/ld) is GNU ld
configure:14191: result: yes
configure:14246: checking whether the g++ linker (C:/w64devkit/bin/ld) supports shared libraries
configure:15324: result: yes
configure:15360: g++ -c -g -O2  conftest.cpp >&5
configure:15363: $? = 0
configure:15844: checking for g++ option to produce PIC
configure:15852: result: -DDLL_EXPORT -DPIC
configure:15860: checking if g++ PIC flag -DDLL_EXPORT -DPIC works
configure:15879: g++ -c -g -O2  -DDLL_EXPORT -DPIC -DPIC conftest.cpp >&5
configure:15883: $? = 0
configure:15896: result: yes
configure:15919: checking if g++ static flag -static works
configure:15948: result: yes
configure:15960: checking if g++ supports -c -o file.o
configure:15982: g++ -c -g -O2  -o out/conftest2.o conftest.cpp >&5
configure:15986: $? = 0
configure:16008: result: yes
configure:16013: checking if g++ supports -c -o file.o
configure:16061: result: yes
configure:16091: checking whether the g++ linker (C:/w64devkit/bin/ld) supports shared libraries
configure:16131: result: yes
configure:16273: checking dynamic linker characteristics
configure:17021: result: Win32 ld.exe
configure:17086: checking how to hardcode library paths into programs
configure:17111: result: immediate
configure:17220: checking for emscripten
configure:17230: gcc -c -g -O2  conftest.c >&5
conftest.c:27:7: error: #error This is not Emscripten
   27 | #     error This is not Emscripten
      |       ^~~~~
configure:17230: $? = 1
configure: failed program was:
| /* confdefs.h */
| #define PACKAGE_NAME "gc"
| #define PACKAGE_TARNAME "gc"
| #define PACKAGE_VERSION "8.2.12"
| #define PACKAGE_STRING "gc 8.2.12"
| #define PACKAGE_BUGREPORT "https://github.com/bdwgc/bdwgc/issues"
| #define PACKAGE_URL ""
| #define GC_VERSION_MAJOR 8
| #define GC_VERSION_MINOR 2
| #define GC_VERSION_MICRO 12
| #define PACKAGE "gc"
| #define VERSION "8.2.12"
| #define HAVE_STDIO_H 1
| #define HAVE_STDLIB_H 1
| #define HAVE_STRING_H 1
| #define HAVE_INTTYPES_H 1
| #define HAVE_STDINT_H 1
| #define HAVE_STRINGS_H 1
| #define HAVE_SYS_STAT_H 1
| #define HAVE_SYS_TYPES_H 1
| #define HAVE_UNISTD_H 1
| #define STDC_HEADERS 1
| #define LT_OBJDIR ".libs/"
| /* end confdefs.h.  */
| 
| #   ifndef __EMSCRIPTEN__
| #     error This is not Emscripten
| #   endif
| 
configure:17245: result: no
configure:17354: checking for inline
configure:17371: gcc -c -g -O2   conftest.c >&5
configure:17371: $? = 0
configure:17380: result: inline
configure:17604: checking for clock_gettime without additional libraries
configure:17617: gcc -o conftest.exe -g -O2   conftest.c  >&5
configure:17617: $? = 0
configure:17619: result: yes
configure:17746: checking whether compiler supports -Wextra
configure:17761: gcc -c -Wextra -g -O2  conftest.c >&5
configure:17761: $? = 0
configure:17769: result: yes
configure:17777: checking whether compiler supports -Wpedantic
configure:17793: gcc -c -Wpedantic -Wno-long-long -g -O2  conftest.c >&5
configure:17793: $? = 0
configure:17801: result: yes
configure:17812: checking for xlc
configure:17829: gcc -c -Wall -Wextra -Wpedantic -Wno-long-long -g -O2  conftest.c >&5
conftest.c: In function 'main':
conftest.c:33:4: error: #error 
   33 |  # error
      |    ^~~~~
configure:17829: $? = 1
configure: failed program was:
| /* confdefs.h */
| #define PACKAGE_NAME "gc"
| #define PACKAGE_TARNAME "gc"
| #define PACKAGE_VERSION "8.2.12"
| #define PACKAGE_STRING "gc 8.2.12"
| #define PACKAGE_BUGREPORT "https://github.com/bdwgc/bdwgc/issues"
| #define PACKAGE_URL ""
| #define GC_VERSION_MAJOR 8
| #define GC_VERSION_MINOR 2
| #define GC_VERSION_MICRO 12
| #define PACKAGE "gc"
| #define VERSION "8.2.12"
| #define HAVE_STDIO_H 1
| #define HAVE_STDLIB_H 1
| #define HAVE_STRING_H 1
| #define HAVE_INTTYPES_H 1
| #define HAVE_STDINT_H 1
| #define HAVE_STRINGS_H 1
| #define HAVE_SYS_STAT_H 1
| #define HAVE_SYS_TYPES_H 1
| #define HAVE_UNISTD_H 1
| #define STDC_HEADERS 1
| #define LT_OBJDIR ".libs/"
| #define GC_THREADS 1
| #define EMPTY_GETENV_RESULTS 1
| /* end confdefs.h.  */
| 
| int
| main (void)
| {
| 
|  #ifndef __xlC__
|  # error
|  #endif
| 
|   ;
|   return 0;
| }
configure:17836: result: no
configure:17858: checking whether compiler supports -fno-strict-aliasing
configure:17884: gcc -c -Wall -Wextra -Wpedantic -Wno-long-long -g -O2 -fno-strict-aliasing  conftest.c >&5
configure:17884: $? = 0
configure:17895: result: yes
configure:17900: checking for getcontext
configure:17900: gcc -o conftest.exe -Wall -Wextra -Wpedantic -Wno-long-long -g -O2 -fno-strict-aliasing   conftest.c  >&5
C:/w64devkit/bin/ld.exe: C:\Users\user\AppData\Local\Temp\cccZxiT9.o: in function `main':
C:/Users/user/SECD_Scheme/gc-8.2.12/conftest.c:54:(.text.startup+0xa): undefined reference to `getcontext'
collect2.exe: error: ld returned 1 exit status
configure:17900: $? = 1
configure: failed program was:
| /* confdefs.h */
| #define PACKAGE_NAME "gc"
| #define PACKAGE_TARNAME "gc"
| #define PACKAGE_VERSION "8.2.12"
| #define PACKAGE_STRING "gc 8.2.12"
| #define PACKAGE_BUGREPORT "https://github.com/bdwgc/bdwgc/issues"
| #define PACKAGE_URL ""
| #define GC_VERSION_MAJOR 8
| #define GC_VERSION_MINOR 2
| #define GC_VERSION_MICRO 12
| #define PACKAGE "gc"
| #define VERSION "8.2.12"
| #define HAVE_STDIO_H 1
| #define HAVE_STDLIB_H 1
| #define HAVE_STRING_H 1
| #define HAVE_INTTYPES_H 1
| #define HAVE_STDINT_H 1
| #define HAVE_STRINGS_H 1
| #define HAVE_SYS_STAT_H 1
| #define HAVE_SYS_TYPES_H 1
| #define HAVE_UNISTD_H 1
| #define STDC_HEADERS 1
| #define LT_OBJDIR ".libs/"
| #define GC_THREADS 1
| #define EMPTY_GETENV_RESULTS 1
| /* end confdefs.h.  */
| /* Define getcontext to an innocuous variant, in case <limits.h> declares getcontext.
|    For example, HP-UX 11i <limits.h> declares gettimeofday.  */
| #define getcontext innocuous_getcontext
| 
| /* System header to define __stub macros and hopefully few prototypes,
|    which can conflict with char getcontext (); below.  */
| 
| #include <limits.h>
| #undef getcontext
| 
| /* Override any GCC internal prototype to avoid an error.
|    Use char because int might match the return type of a GCC
|    builtin and then its argument prototype would still apply.  */
| #ifdef __cplusplus
| extern "C"
| #endif
| char getcontext ();
| /* The GNU C library defines this for functions which it implements
|     to always fail with ENOSYS.  Some functions are actually named
|     something starting with __ and the normal name is an alias.  */
| #if defined __stub_getcontext || defined __stub___getcontext
| choke me
| #endif
| 
| int
| main (void)
| {
| return getcontext ();
|   ;
|   return 0;
| }
configure:17900: result: no
configure:17912: checking for dl_iterate_phdr
configure:17912: gcc -o conftest.exe -Wall -Wextra -Wpedantic -Wno-long-long -g -O2 -fno-strict-aliasing   conftest.c  >&5
C:/w64devkit/bin/ld.exe: C:\Users\user\AppData\Local\Temp\ccm1Kfzl.o: in function `main':
C:/Users/user/SECD_Scheme/gc-8.2.12/conftest.c:55:(.text.startup+0xa): undefined reference to `dl_iterate_phdr'
collect2.exe: error: ld returned 1 exit status
configure:17912: $? = 1
configure: failed program was:
| /* confdefs.h */
| #define PACKAGE_NAME "gc"
| #define PACKAGE_TARNAME "gc"
| #define PACKAGE_VERSION "8.2.12"
| #define PACKAGE_STRING "gc 8.2.12"
| #define PACKAGE_BUGREPORT "https://github.com/bdwgc/bdwgc/issues"
| #define PACKAGE_URL ""
| #define GC_VERSION_MAJOR 8
| #define GC_VERSION_MINOR 2
| #define GC_VERSION_MICRO 12
| #define PACKAGE "gc"
| #define VERSION "8.2.12"
| #define HAVE_STDIO_H 1
| #define HAVE_STDLIB_H 1
| #define HAVE_STRING_H 1
| #define HAVE_INTTYPES_H 1
| #define HAVE_STDINT_H 1
| #define HAVE_STRINGS_H 1
| #define HAVE_SYS_STAT_H 1
| #define HAVE_SYS_TYPES_H 1
| #define HAVE_UNISTD_H 1
| #define STDC_HEADERS 1
| #define LT_OBJDIR ".libs/"
| #define GC_THREADS 1
| #define EMPTY_GETENV_RESULTS 1
| #define NO_GETCONTEXT 1
| /* end confdefs.h.  */
| /* Define dl_iterate_phdr to an innocuous variant, in case <limits.h> declares dl_iterate_phdr.
|    For example, HP-UX 11i <limits.h> declares gettimeofday.  */
| #define dl_iterate_phdr innocuous_dl_iterate_phdr
| 
| /* System header to define __stub macros and hopefully few prototypes,
|    which can conflict with char dl_iterate_phdr (); below.  */
| 
| #include <limits.h>
| #undef dl_iterate_phdr
| 
| /* Override any GCC internal prototype to avoid an error.
|    Use char because int might match the return type of a GCC
|    builtin and then its argument prototype would still apply.  */
| #ifdef __cplusplus
| extern "C"
| #endif
| char dl_iterate_phdr ();
| /* The GNU C library defines this for functions which it implements
|     to always fail with ENOSYS.  Some functions are actually named
|     something starting with __ and the normal name is an alias.  */
| #if defined __stub_dl_iterate_phdr || defined __stub___dl_iterate_phdr
| choke me
| #endif
| 
| int
| main (void)
| {
| return dl_iterate_phdr ();
|   ;
|   return 0;
| }
configure:17912: result: no
configure:17929: checking for dlopen in -ldl
configure:17952: gcc -o conftest.exe -Wall -Wextra -Wpedantic -Wno-long-long -g -O2 -fno-strict-aliasing   conftest.c -ldl   >&5
C:/w64devkit/bin/ld.exe: cannot find -ldl: No error
collect2.exe: error: ld returned 1 exit status
configure:17952: $? = 1
configure: failed program was:
| /* confdefs.h */
| #define PACKAGE_NAME "gc"
| #define PACKAGE_TARNAME "gc"
| #define PACKAGE_VERSION "8.2.12"
| #define PACKAGE_STRING "gc 8.2.12"
| #define PACKAGE_BUGREPORT "https://github.com/bdwgc/bdwgc/issues"
| #define PACKAGE_URL ""
| #define GC_VERSION_MAJOR 8
| #define GC_VERSION_MINOR 2
| #define GC_VERSION_MICRO 12
| #define PACKAGE "gc"
| #define VERSION "8.2.12"
| #define HAVE_STDIO_H 1
| #define HAVE_STDLIB_H 1
| #define HAVE_STRING_H 1
| #define HAVE_INTTYPES_H 1
| #define HAVE_STDINT_H 1
| #define HAVE_STRINGS_H 1
| #define HAVE_SYS_STAT_H 1
| #define HAVE_SYS_TYPES_H 1
| #define HAVE_UNISTD_H 1
| #define STDC_HEADERS 1
| #define LT_OBJDIR ".libs/"
| #define GC_THREADS 1
| #define EMPTY_GETENV_RESULTS 1
| #define NO_GETCONTEXT 1
| /* end confdefs.h.  */
| 
| /* Override any GCC internal prototype to avoid an error.
|    Use char because int might match the return type of a GCC
|    builtin and then its argument prototype would still apply.  */
| char dlopen ();
| int
| main (void)
| {
| return dlopen ();
|   ;
|   return 0;
| }
configure:17962: result: no
configure:17989: checking for execinfo.h
configure:17989: gcc -c -Wall -Wextra -Wpedantic -Wno-long-long -g -O2 -fno-strict-aliasing  conftest.c >&5
conftest.c:56:10: fatal error: execinfo.h: No such file or directory
   56 | #include <execinfo.h>
      |          ^~~~~~~~~~~~
compilation terminated.
configure:17989: $? = 1
configure: failed program was:
| /* confdefs.h */
| #define PACKAGE_NAME "gc"
| #define PACKAGE_TARNAME "gc"
| #define PACKAGE_VERSION "8.2.12"
| #define PACKAGE_STRING "gc 8.2.12"
| #define PACKAGE_BUGREPORT "https://github.com/bdwgc/bdwgc/issues"
| #define PACKAGE_URL ""
| #define GC_VERSION_MAJOR 8
| #define GC_VERSION_MINOR 2
| #define GC_VERSION_MICRO 12
| #define PACKAGE "gc"
| #define VERSION "8.2.12"
| #define HAVE_STDIO_H 1
| #define HAVE_STDLIB_H 1
| #define HAVE_STRING_H 1
| #define HAVE_INTTYPES_H 1
| #define HAVE_STDINT_H 1
| #define HAVE_STRINGS_H 1
| #define HAVE_SYS_STAT_H 1
| #define HAVE_SYS_TYPES_H 1
| #define HAVE_UNISTD_H 1
| #define STDC_HEADERS 1
| #define LT_OBJDIR ".libs/"
| #define GC_THREADS 1
| #define EMPTY_GETENV_RESULTS 1
| #define NO_GETCONTEXT 1
| /* end confdefs.h.  */
| #include <stddef.h>
| #ifdef HAVE_STDIO_H
| # include <stdio.h>
| #endif
| #ifdef HAVE_STDLIB_H
| # include <stdlib.h>
| #endif
| #ifdef HAVE_STRING_H
| # include <string.h>
| #endif
| #ifdef HAVE_INTTYPES_H
| # include <inttypes.h>
| #endif
| #ifdef HAVE_STDINT_H
| # include <stdint.h>
| #endif
| #ifdef HAVE_STRINGS_H
| # include <strings.h>
| #endif
| #ifdef HAVE_SYS_TYPES_H
| # include <sys/types.h>
| #endif
| #ifdef HAVE_SYS_STAT_H
| # include <sys/stat.h>
| #endif
| #ifdef HAVE_UNISTD_H
| # include <unistd.h>
| #endif
| #include <execinfo.h>
configure:17989: result: no
configure:18068: checking whether libsupc++ required
configure:18072: result: yes
configure:18091: checking whether to build shared libraries
configure:18122: result: yes
configure:18131: checking whether compiler supports -fvisibility
configure:18146: gcc -c -Werror -fvisibility=hidden -Wall -Wextra -Wpedantic -Wno-long-long -g -O2 -fno-strict-aliasing  conftest.c >&5
configure:18146: $? = 0
configure:18160: result: yes
configure:18181: checking which machine-dependent code should be used
configure:18220: result: 
configure:18281: checking whether AIX gcc optimization fix is necessary
configure:18304: result: no
configure:18473: checking whether -Wno-frame-address works
configure:18491: gcc -c -DGC_VISIBILITY_HIDDEN_SET -fvisibility=hidden -Wall -Wextra -Wpedantic -Wno-long-long -g -O2 -fno-strict-aliasing -Werror -Wno-frame-address   conftest.c >&5
configure:18491: $? = 0
configure:18497: result: yes
configure:18504: checking for dladdr
configure:18525: gcc -c -DGC_VISIBILITY_HIDDEN_SET -fvisibility=hidden -Wall -Wextra -Wpedantic -Wno-long-long -g -O2 -fno-strict-aliasing -Wno-frame-address   conftest.c >&5
conftest.c:36:10: fatal error: dlfcn.h: No such file or directory
   36 | #include <dlfcn.h>
      |          ^~~~~~~~~
compilation terminated.
configure:18525: $? = 1
configure: failed program was:
| /* confdefs.h */
| #define PACKAGE_NAME "gc"
| #define PACKAGE_TARNAME "gc"
| #define PACKAGE_VERSION "8.2.12"
| #define PACKAGE_STRING "gc 8.2.12"
| #define PACKAGE_BUGREPORT "https://github.com/bdwgc/bdwgc/issues"
| #define PACKAGE_URL ""
| #define GC_VERSION_MAJOR 8
| #define GC_VERSION_MINOR 2
| #define GC_VERSION_MICRO 12
| #define PACKAGE "gc"
| #define VERSION "8.2.12"
| #define HAVE_STDIO_H 1
| #define HAVE_STDLIB_H 1
| #define HAVE_STRING_H 1
| #define HAVE_INTTYPES_H 1
| #define HAVE_STDINT_H 1
| #define HAVE_STRINGS_H 1
| #define HAVE_SYS_STAT_H 1
| #define HAVE_SYS_TYPES_H 1
| #define HAVE_UNISTD_H 1
| #define STDC_HEADERS 1
| #define LT_OBJDIR ".libs/"
| #define GC_THREADS 1
| #define EMPTY_GETENV_RESULTS 1
| #define NO_GETCONTEXT 1
| #define GC_MISSING_EXECINFO_H 1
| #define GC_DLL 1
| #define NO_EXECUTE_PERMISSION 1
| #define ALL_INTERIOR_POINTERS 1
| #define GC_GCJ_SUPPORT 1
| #define GC_ENABLE_SUSPEND_THREAD 1
| /* end confdefs.h.  */
| 
| #define _GNU_SOURCE 1
| #include <dlfcn.h>
| int
| main (void)
| {
| {
|     Dl_info info;
|     (void)dladdr("", &info);
| }
|   ;
|   return 0;
| }
configure:18531: result: no
configure:18540: checking for sigsetjmp
configure:18555: gcc -o conftest.exe -DGC_VISIBILITY_HIDDEN_SET -fvisibility=hidden -Wall -Wextra -Wpedantic -Wno-long-long -g -O2 -fno-strict-aliasing -Wno-frame-address    conftest.c  >&5
conftest.c: In function 'main':
conftest.c:38:1: error: unknown type name 'sigjmp_buf'; did you mean 'jmp_buf'?
   38 | sigjmp_buf t; sigsetjmp(t, 0)
      | ^~~~~~~~~~
      | jmp_buf
conftest.c:38:15: error: implicit declaration of function 'sigsetjmp'; did you mean '_setjmp'? [-Wimplicit-function-declaration]
   38 | sigjmp_buf t; sigsetjmp(t, 0)
      |               ^~~~~~~~~
      |               _setjmp
configure:18555: $? = 1
configure: failed program was:
| /* confdefs.h */
| #define PACKAGE_NAME "gc"
| #define PACKAGE_TARNAME "gc"
| #define PACKAGE_VERSION "8.2.12"
| #define PACKAGE_STRING "gc 8.2.12"
| #define PACKAGE_BUGREPORT "https://github.com/bdwgc/bdwgc/issues"
| #define PACKAGE_URL ""
| #define GC_VERSION_MAJOR 8
| #define GC_VERSION_MINOR 2
| #define GC_VERSION_MICRO 12
| #define PACKAGE "gc"
| #define VERSION "8.2.12"
| #define HAVE_STDIO_H 1
| #define HAVE_STDLIB_H 1
| #define HAVE_STRING_H 1
| #define HAVE_INTTYPES_H 1
| #define HAVE_STDINT_H 1
| #define HAVE_STRINGS_H 1
| #define HAVE_SYS_STAT_H 1
| #define HAVE_SYS_TYPES_H 1
| #define HAVE_UNISTD_H 1
| #define STDC_HEADERS 1
| #define LT_OBJDIR ".libs/"
| #define GC_THREADS 1
| #define EMPTY_GETENV_RESULTS 1
| #define NO_GETCONTEXT 1
| #define GC_MISSING_EXECINFO_H 1
| #define GC_DLL 1
| #define NO_EXECUTE_PERMISSION 1
| #define ALL_INTERIOR_POINTERS 1
| #define GC_GCJ_SUPPORT 1
| #define GC_ENABLE_SUSPEND_THREAD 1
| /* end confdefs.h.  */
| #include <setjmp.h>
| int
| main (void)
| {
| sigjmp_buf t; sigsetjmp(t, 0)
|   ;
|   return 0;
| }
configure:18560: result: no
configure:18656: checking for sys/dg_sys_info.h
configure:18656: gcc -c -DGC_VISIBILITY_HIDDEN_SET -fvisibility=hidden -Wall -Wextra -Wpedantic -Wno-long-long -g -O2 -fno-strict-aliasing -Wno-frame-address  conftest.c >&5
conftest.c:63:10: fatal error: sys/dg_sys_info.h: No such file or directory
   63 | #include <sys/dg_sys_info.h>
      |          ^~~~~~~~~~~~~~~~~~~
compilation terminated.
configure:18656: $? = 1
configure: failed program was:
| /* confdefs.h */
| #define PACKAGE_NAME "gc"
| #define PACKAGE_TARNAME "gc"
| #define PACKAGE_VERSION "8.2.12"
| #define PACKAGE_STRING "gc 8.2.12"
| #define PACKAGE_BUGREPORT "https://github.com/bdwgc/bdwgc/issues"
| #define PACKAGE_URL ""
| #define GC_VERSION_MAJOR 8
| #define GC_VERSION_MINOR 2
| #define GC_VERSION_MICRO 12
| #define PACKAGE "gc"
| #define VERSION "8.2.12"
| #define HAVE_STDIO_H 1
| #define HAVE_STDLIB_H 1
| #define HAVE_STRING_H 1
| #define HAVE_INTTYPES_H 1
| #define HAVE_STDINT_H 1
| #define HAVE_STRINGS_H 1
| #define HAVE_SYS_STAT_H 1
| #define HAVE_SYS_TYPES_H 1
| #define HAVE_UNISTD_H 1
| #define STDC_HEADERS 1
| #define LT_OBJDIR ".libs/"
| #define GC_THREADS 1
| #define EMPTY_GETENV_RESULTS 1
| #define NO_GETCONTEXT 1
| #define GC_MISSING_EXECINFO_H 1
| #define GC_DLL 1
| #define NO_EXECUTE_PERMISSION 1
| #define ALL_INTERIOR_POINTERS 1
| #define GC_GCJ_SUPPORT 1
| #define GC_ENABLE_SUSPEND_THREAD 1
| #define GC_NO_SIGSETJMP 1
| /* end confdefs.h.  */
| #include <stddef.h>
| #ifdef HAVE_STDIO_H
| # include <stdio.h>
| #endif
| #ifdef HAVE_STDLIB_H
| # include <stdlib.h>
| #endif
| #ifdef HAVE_STRING_H
| # include <string.h>
| #endif
| #ifdef HAVE_INTTYPES_H
| # include <inttypes.h>
| #endif
| #ifdef HAVE_STDINT_H
| # include <stdint.h>
| #endif
| #ifdef HAVE_STRINGS_H
| # include <strings.h>
| #endif
| #ifdef HAVE_SYS_TYPES_H
| # include <sys/types.h>
| #endif
| #ifdef HAVE_SYS_STAT_H
| # include <sys/stat.h>
| #endif
| #ifdef HAVE_UNISTD_H
| # include <unistd.h>
| #endif
| #include <sys/dg_sys_info.h>
configure:18656: result: no
configure:18975: checking for compiler intrinsics support
configure:18989: gcc -o conftest.exe -DGC_VISIBILITY_HIDDEN_SET -fvisibility=hidden -Wall -Wextra -Wpedantic -Wno-long-long -g -O2 -fno-strict-aliasing -Wno-frame-address  -DGC_BUILTIN_ATOMIC -I./include -I./tests   conftest.c  >&5
configure:18989: $? = 0
configure:18989: ./conftest.exe
configure:18989: $? = 0
configure:18991: result: yes
configure:19044: checking which libatomic_ops to use
configure:19057: result: none
configure:19352: checking that generated files are newer than configure
configure:19358: result: done
configure:19481: creating ./config.status

## ---------------------- ##
## Running config.status. ##
## ---------------------- ##

This file was extended by gc config.status 8.2.12, which was
generated by GNU Autoconf 2.71.  Invocation command line was

  CONFIG_FILES    = 
  CONFIG_HEADERS  = 
  CONFIG_LINKS    = 
  CONFIG_COMMANDS = 
  $ ./config.status 

on DESKTOP-5B7Q8T5

config.status:1264: creating Makefile
config.status:1264: creating bdw-gc.pc
config.status:1264: creating include/config.h
config.status:1493: executing depfiles commands
config.status:1568: cd .       && sed -e '/# am--include-marker/d' Makefile         | make -f - am--depfiles
config.status:1575: $? = 0
config.status:1493: executing libtool commands
config.status:1493: executing default commands

## ---------------- ##
## Cache variables. ##
## ---------------- ##

ac_cv_build='x86_64-w64-mingw32'
ac_cv_c_compiler_gnu='yes'
ac_cv_c_inline='inline'
ac_cv_cc_pedantic='yes'
ac_cv_cc_wextra='yes'
ac_cv_cxx_compiler_gnu='yes'
ac_cv_env_CCASFLAGS_set=''
ac_cv_env_CCASFLAGS_value=''
ac_cv_env_CCAS_set=''
ac_cv_env_CCAS_value=''
ac_cv_env_CCC_set=''
ac_cv_env_CCC_value=''
ac_cv_env_CC_set=''
ac_cv_env_CC_value=''
ac_cv_env_CFLAGS_set=''
ac_cv_env_CFLAGS_value=''
ac_cv_env_CPPFLAGS_set=''
ac_cv_env_CPPFLAGS_value=''
ac_cv_env_CXXCPP_set=''
ac_cv_env_CXXCPP_value=''
ac_cv_env_CXXFLAGS_set=''
ac_cv_env_CXXFLAGS_value=''
ac_cv_env_CXX_set=''
ac_cv_env_CXX_value=''
ac_cv_env_LDFLAGS_set=''
ac_cv_env_LDFLAGS_value=''
ac_cv_env_LIBS_set=''
ac_cv_env_LIBS_value=''
ac_cv_env_LT_SYS_LIBRARY_PATH_set=''
ac_cv_env_LT_SYS_LIBRARY_PATH_value=''
ac_cv_env_build_alias_set='set'
ac_cv_env_build_alias_value='x86_64-w64-mingw32'
ac_cv_env_host_alias_set=''
ac_cv_env_host_alias_value=''
ac_cv_env_target_alias_set=''
ac_cv_env_target_alias_value=''
ac_cv_exeext='.exe'
ac_cv_fno_strict_aliasing='yes'
ac_cv_func_dl_iterate_phdr='no'
ac_cv_func_getcontext='no'
ac_cv_fvisibility_hidden='yes'
ac_cv_header_dlfcn_h='no'
ac_cv_header_execinfo_h='no'
ac_cv_header_inttypes_h='yes'
ac_cv_header_stdint_h='yes'
ac_cv_header_stdio_h='yes'
ac_cv_header_stdlib_h='yes'
ac_cv_header_string_h='yes'
ac_cv_header_strings_h='yes'
ac_cv_header_sys_dg_sys_info_h='no'
ac_cv_header_sys_stat_h='yes'
ac_cv_header_sys_types_h='yes'
ac_cv_header_unistd_h='yes'
ac_cv_host='x86_64-w64-mingw32'
ac_cv_lib_dl_dlopen='no'
ac_cv_objext='o'
ac_cv_path_EGREP='C:/w64devkit/bin/grep.exe -E'
ac_cv_path_FGREP='C:/w64devkit/bin/grep.exe -F'
ac_cv_path_GREP='C:/w64devkit/bin/grep.exe'
ac_cv_path_SED='C:/w64devkit/bin/sed.exe'
ac_cv_path_install='C:/w64devkit/bin/install.exe -c'
ac_cv_path_lt_DD='C:/w64devkit/bin/dd.exe'
ac_cv_prog_AWK='awk'
ac_cv_prog_CXXCPP='g++ -E'
ac_cv_prog_ac_ct_AR='ar'
ac_cv_prog_ac_ct_CC='gcc'
ac_cv_prog_ac_ct_CXX='g++'
ac_cv_prog_ac_ct_DLLTOOL='dlltool'
ac_cv_prog_ac_ct_OBJDUMP='objdump'
ac_cv_prog_ac_ct_RANLIB='ranlib'
ac_cv_prog_ac_ct_STRIP='strip'
ac_cv_prog_cc_c11=''
ac_cv_prog_cc_g='yes'
ac_cv_prog_cc_stdc=''
ac_cv_prog_cxx_11='no'
ac_cv_prog_cxx_cxx11=''
ac_cv_prog_cxx_g='yes'
ac_cv_prog_cxx_stdcxx=''
ac_cv_prog_make_make_set='yes'
ac_cv_target='x86_64-w64-mingw32'
am_cv_CCAS_dependencies_compiler_type='gcc3'
am_cv_CC_dependencies_compiler_type='gcc3'
am_cv_CXX_dependencies_compiler_type='gcc3'
am_cv_make_support_nested_variables='yes'
am_cv_prog_cc_c_o='yes'
lt_cv_ar_at_file='@'
lt_cv_archive_cmds_need_lc='yes'
lt_cv_deplibs_check_method='file_magic file format (pei*-i386(.*architecture: i386)?|pe-arm-wince|pe-x86-64)'
lt_cv_file_magic_cmd='$OBJDUMP -f'
lt_cv_file_magic_test_file=''
lt_cv_ld_reload_flag='-r'
lt_cv_nm_interface='BSD nm'
lt_cv_objdir='.libs'
lt_cv_path_LD='C:/w64devkit/bin/ld'
lt_cv_path_LDCXX='C:/w64devkit/bin/ld'
lt_cv_path_NM='C:/w64devkit/bin/nm -B'
lt_cv_path_mainfest_tool='no'
lt_cv_prog_compiler_c_o='yes'
lt_cv_prog_compiler_c_o_CXX='yes'
lt_cv_prog_compiler_pic='-DDLL_EXPORT -DPIC'
lt_cv_prog_compiler_pic_CXX='-DDLL_EXPORT -DPIC'
lt_cv_prog_compiler_pic_works='yes'
lt_cv_prog_compiler_pic_works_CXX='yes'
lt_cv_prog_compiler_rtti_exceptions='no'
lt_cv_prog_compiler_static_works='yes'
lt_cv_prog_compiler_static_works_CXX='yes'
lt_cv_prog_gnu_ld='yes'
lt_cv_prog_gnu_ldcxx='yes'
lt_cv_sharedlib_from_linklib_cmd='func_cygming_dll_for_implib'
lt_cv_sys_global_symbol_pipe='C:/w64devkit/bin/sed.exe -n -e '"'"'s/^.*[	 ]\([ABCDGIRSTW][ABCDGIRSTW]*\)[	 ][	 ]*\([_A-Za-z][_A-Za-z0-9]*\)\{0,1\}$/\1 \2 \2/p'"'"' | C:/w64devkit/bin/sed.exe '"'"'/ __gnu_lto/d'"'"
lt_cv_sys_global_symbol_to_c_name_address='C:/w64devkit/bin/sed.exe -n -e '"'"'s/^: \(.*\) .*$/  {"\1", (void *) 0},/p'"'"' -e '"'"'s/^[ABCDGIRSTW][ABCDGIRSTW]* .* \(.*\)$/  {"\1", (void *) \&\1},/p'"'"
lt_cv_sys_global_symbol_to_c_name_address_lib_prefix='C:/w64devkit/bin/sed.exe -n -e '"'"'s/^: \(.*\) .*$/  {"\1", (void *) 0},/p'"'"' -e '"'"'s/^[ABCDGIRSTW][ABCDGIRSTW]* .* \(lib.*\)$/  {"\1", (void *) \&\1},/p'"'"' -e '"'"'s/^[ABCDGIRSTW][ABCDGIRSTW]* .* \(.*\)$/  {"lib\1", (void *) \&\1},/p'"'"
lt_cv_sys_global_symbol_to_cdecl='C:/w64devkit/bin/sed.exe -n -e '"'"'s/^T .* \(.*\)$/extern int \1();/p'"'"' -e '"'"'s/^[ABCDGIRSTW][ABCDGIRSTW]* .* \(.*\)$/extern char \1;/p'"'"
lt_cv_sys_global_symbol_to_import=''
lt_cv_sys_max_cmd_len='8192'
lt_cv_to_host_file_cmd='func_convert_file_msys_to_w32'
lt_cv_to_tool_file_cmd='func_convert_file_msys_to_w32'
lt_cv_truncate_bin='C:/w64devkit/bin/dd.exe bs=4096 count=1'

## ----------------- ##
## Output variables. ##
## ----------------- ##

ACLOCAL='${SHELL} '\''C:/Users/user/SECD_Scheme/gc-8.2.12/missing'\'' aclocal-1.16'
AMDEPBACKSLASH='\'
AMDEP_FALSE='#'
AMDEP_TRUE=''
AMTAR='$${TAR-tar}'
AM_BACKSLASH='\'
AM_CFLAGS=''
AM_CPPFLAGS=''
AM_DEFAULT_V='$(AM_DEFAULT_VERBOSITY)'
AM_DEFAULT_VERBOSITY='1'
AM_V='$(V)'
AR='ar'
ASM_WITH_CPP_UNSUPPORTED_FALSE=''
ASM_WITH_CPP_UNSUPPORTED_TRUE='#'
ATOMIC_OPS_CFLAGS=''
ATOMIC_OPS_LIBS=''
AUTOCONF='${SHELL} '\''C:/Users/user/SECD_Scheme/gc-8.2.12/missing'\'' autoconf'
AUTOHEADER='${SHELL} '\''C:/Users/user/SECD_Scheme/gc-8.2.12/missing'\'' autoheader'
AUTOMAKE='${SHELL} '\''C:/Users/user/SECD_Scheme/gc-8.2.12/missing'\'' automake-1.16'
AVOID_CPP_LIB_FALSE=''
AVOID_CPP_LIB_TRUE='#'
AWK='awk'
CC='gcc'
CCAS='gcc'
CCASDEPMODE='depmode=gcc3'
CCASFLAGS='-g -O2'
CCDEPMODE='depmode=gcc3'
CFLAGS='-DGC_VISIBILITY_HIDDEN_SET -fvisibility=hidden -Wall -Wextra -Wpedantic -Wno-long-long -g -O2 -fno-strict-aliasing -Wno-frame-address'
CFLAGS_EXTRA=''
CHECKSUMS_FALSE=''
CHECKSUMS_TRUE='#'
CPLUSPLUS_FALSE='#'
CPLUSPLUS_TRUE=''
CPPFLAGS=''
CSCOPE='cscope'
CTAGS='ctags'
CXX='g++'
CXXCPP='g++ -E'
CXXDEPMODE='depmode=gcc3'
CXXFLAGS='-Wall -Wextra -Wpedantic -Wno-long-long -g -O2'
CXXLIBS='-lsupc++'
CYGPATH_W='echo'
DARWIN_THREADS_FALSE=''
DARWIN_THREADS_TRUE='#'
DEFS='-DHAVE_CONFIG_H'
DEPDIR='.deps'
DLLTOOL='dlltool'
DSYMUTIL=''
DUMPBIN=''
ECHO_C=''
ECHO_N='-n'
ECHO_T=''
EGREP='C:/w64devkit/bin/grep.exe -E'
EMSCRIPTEN_FALSE=''
EMSCRIPTEN_TRUE='#'
ENABLE_DISCLAIM_FALSE='#'
ENABLE_DISCLAIM_TRUE=''
ENABLE_DOCS_FALSE='#'
ENABLE_DOCS_TRUE=''
ENABLE_GCJ_SUPPORT_FALSE='#'
ENABLE_GCJ_SUPPORT_TRUE=''
ENABLE_SHARED_FALSE='#'
ENABLE_SHARED_TRUE=''
ETAGS='etags'
EXEEXT='.exe'
EXTRA_TEST_LIBS=''
FGREP='C:/w64devkit/bin/grep.exe -F'
FILECMD=':'
GC_CFLAGS=' -fexceptions'
GC_TBA_LIBRARY_FALSE='#'
GC_TBA_LIBRARY_TRUE=''
GREP='C:/w64devkit/bin/grep.exe'
INSTALL_DATA='${INSTALL} -m 644'
INSTALL_PROGRAM='${INSTALL}'
INSTALL_SCRIPT='${INSTALL}'
INSTALL_STRIP_PROGRAM='$(install_sh) -c -s'
KEEP_BACK_PTRS_FALSE=''
KEEP_BACK_PTRS_TRUE='#'
LD='C:/w64devkit/bin/ld'
LDFLAGS=''
LIBOBJS=''
LIBS=''
LIBTOOL='$(SHELL) $(top_builddir)/libtool'
LIPO=''
LN_S='ln'
LTLIBOBJS=''
LT_SYS_LIBRARY_PATH=''
MAINT='#'
MAINTAINER_MODE_FALSE=''
MAINTAINER_MODE_TRUE='#'
MAKEINFO='${SHELL} '\''C:/Users/user/SECD_Scheme/gc-8.2.12/missing'\'' makeinfo'
MAKE_BACK_GRAPH_FALSE=''
MAKE_BACK_GRAPH_TRUE='#'
MANIFEST_TOOL=':'
MKDIR_P='./install-sh -c -d'
NEED_ATOMIC_OPS_ASM_FALSE=''
NEED_ATOMIC_OPS_ASM_TRUE='#'
NM='C:/w64devkit/bin/nm -B'
NMEDIT=''
OBJDUMP='objdump'
OBJEXT='o'
OTOOL64=''
OTOOL=''
PACKAGE='gc'
PACKAGE_BUGREPORT='https://github.com/bdwgc/bdwgc/issues'
PACKAGE_NAME='gc'
PACKAGE_STRING='gc 8.2.12'
PACKAGE_TARNAME='gc'
PACKAGE_URL=''
PACKAGE_VERSION='8.2.12'
PATH_SEPARATOR=';'
PTHREADS_FALSE=''
PTHREADS_TRUE='#'
PTHREAD_START_STANDALONE_FALSE=''
PTHREAD_START_STANDALONE_TRUE='#'
RANLIB='ranlib'
SED='C:/w64devkit/bin/sed.exe'
SET_MAKE=''
SHELL='/bin/sh'
SINGLE_GC_OBJ_FALSE='#'
SINGLE_GC_OBJ_TRUE=''
STRIP='strip'
THREADDLLIBS=''
THREADS_FALSE='#'
THREADS_TRUE=''
THREAD_LOCAL_ALLOC_FALSE='#'
THREAD_LOCAL_ALLOC_TRUE=''
UNWINDLIBS=''
USE_INTERNAL_LIBATOMIC_OPS_FALSE=''
USE_INTERNAL_LIBATOMIC_OPS_TRUE='#'
USE_LIBDIR_FALSE='#'
USE_LIBDIR_TRUE=''
VERSION='8.2.12'
WERROR_CFLAGS=''
WIN32_THREADS_FALSE='#'
WIN32_THREADS_TRUE=''
ac_ct_AR='ar'
ac_ct_CC='gcc'
ac_ct_CXX='g++'
ac_ct_DUMPBIN=''
addlibs=''
addobjs=' '
am__EXEEXT_FALSE='#'
am__EXEEXT_TRUE=''
am__fastdepCCAS_FALSE='#'
am__fastdepCCAS_TRUE=''
am__fastdepCC_FALSE='#'
am__fastdepCC_TRUE=''
am__fastdepCXX_FALSE='#'
am__fastdepCXX_TRUE=''
am__include='include'
am__isrc=''
am__leading_dot='.'
am__nodep='_no'
am__quote=''
am__tar='$${TAR-tar} chof - "$$tardir"'
am__untar='$${TAR-tar} xf -'
bindir='${exec_prefix}/bin'
build='x86_64-w64-mingw32'
build_alias='x86_64-w64-mingw32'
build_cpu='x86_64'
build_os='mingw32'
build_vendor='w64'
datadir='${datarootdir}'
datarootdir='${prefix}/share'
docdir='${datarootdir}/doc/${PACKAGE_TARNAME}'
dvidir='${docdir}'
exec_prefix='${prefix}'
extra_ldflags_libgc=''
host='x86_64-w64-mingw32'
host_alias=''
host_cpu='x86_64'
host_os='mingw32'
host_vendor='w64'
htmldir='${docdir}'
includedir='${prefix}/include'
infodir='${datarootdir}/info'
install_sh='${SHELL} C:/Users/user/SECD_Scheme/gc-8.2.12/install-sh'
libdir='${exec_prefix}/lib'
libexecdir='${exec_prefix}/libexec'
localedir='${datarootdir}/locale'
localstatedir='${prefix}/var'
mandir='${datarootdir}/man'
mkdir_p='$(MKDIR_P)'
oldincludedir='/usr/include'
pdfdir='${docdir}'
prefix='c:/w64devkit/x86_64-w64-mingw32'
program_transform_name='s,x,x,'
psdir='${docdir}'
runstatedir='${localstatedir}/run'
sbindir='${exec_prefix}/sbin'
sharedstatedir='${prefix}/com'
subdirs=''
sysconfdir='${prefix}/etc'
target='x86_64-w64-mingw32'
target_alias=''
target_all='libgc.la'
target_cpu='x86_64'
target_os='mingw32'
target_vendor='w64'

## ----------- ##
## confdefs.h. ##
## ----------- ##

/* confdefs.h */
#define PACKAGE_NAME "gc"
#define PACKAGE_TARNAME "gc"
#define PACKAGE_VERSION "8.2.12"
#define PACKAGE_STRING "gc 8.2.12"
#define PACKAGE_BUGREPORT "https://github.com/bdwgc/bdwgc/issues"
#define PACKAGE_URL ""
#define GC_VERSION_MAJOR 8
#define GC_VERSION_MINOR 2
#define GC_VERSION_MICRO 12
#define PACKAGE "gc"
#define VERSION "8.2.12"
#define HAVE_STDIO_H 1
#define HAVE_STDLIB_H 1
#define HAVE_STRING_H 1
#define HAVE_INTTYPES_H 1
#define HAVE_STDINT_H 1
#define HAVE_STRINGS_H 1
#define HAVE_SYS_STAT_H 1
#define HAVE_SYS_TYPES_H 1
#define HAVE_UNISTD_H 1
#define STDC_HEADERS 1
#define LT_OBJDIR ".libs/"
#define GC_THREADS 1
#define EMPTY_GETENV_RESULTS 1
#define NO_GETCONTEXT 1
#define GC_MISSING_EXECINFO_H 1
#define GC_DLL 1
#define NO_EXECUTE_PERMISSION 1
#define ALL_INTERIOR_POINTERS 1
#define GC_GCJ_SUPPORT 1
#define GC_ENABLE_SUSPEND_THREAD 1
#define GC_NO_SIGSETJMP 1
#define JAVA_FINALIZATION 1
#define GC_ATOMIC_UNCOLLECTABLE 1
#define ENABLE_DISCLAIM 1
#define USE_MMAP 1
#define USE_MUNMAP 1
#define MUNMAP_THRESHOLD 6
#define GC_BUILTIN_ATOMIC 1
#define PARALLEL_MARK 1
#define THREAD_LOCAL_ALLOC 1

configure: exit 0
